--------- beginning of main
09-23 09:36:24.898 15778 15835 I litert  : [environment.cc:30] Creating LiteRT environment with options
09-23 09:36:24.898 15778 15835 W litert  : [npu_registry.cc:34] NPU accelerator could not be loaded and registered: kLiteRtStatusErrorInvalidArgument.
09-23 09:36:24.898 15778 15835 I litert  : [gpu_registry.cc:101] Loading GPU accelerator(libLiteRtGpuAccelerator.so).
09-23 09:36:24.899 15778 15835 I litert  : [gpu_registry.cc:101] Loading GPU accelerator(libLiteRtClGlAccelerator.so).
09-23 09:36:24.900 15778 15835 I litert  : [accelerator_registry.cc:54] RegisterAccelerator: ptr=0xb4000078929d3980, name=LiteRT GPU
09-23 09:36:24.900 15778 15835 I litert  : [gpu_registry.cc:109] Dynamically loaded GPU accelerator(libLiteRtClGlAccelerator.so) registered.
09-23 09:36:24.900 15778 15835 I litert  : [accelerator_registry.cc:54] RegisterAccelerator: ptr=0xb4000078929d3590, name=CpuAccelerator
09-23 09:36:24.900 15778 15835 I litert  : [cpu_registry.cc:42] CPU accelerator registered.
09-23 09:36:24.900 15778 15835 I litert  : [accelerator_registry.cc:43] DestroyAccelerator: ptr=0xb4000078929d3590, name=CpuAccelerator
09-23 09:36:24.900 15778 15835 I litert  : [accelerator_registry.cc:43] DestroyAccelerator: ptr=0xb4000078929d3980, name=LiteRT GPU
09-23 09:36:24.906 15778 15835 I litert  : [environment.cc:30] Creating LiteRT environment with options
09-23 09:36:24.906 15778 15835 I litert  : [accelerator_registry.cc:54] RegisterAccelerator: ptr=0xb4000078929d9720, name=NpuAccelerator
09-23 09:36:24.906 15778 15835 I litert  : [npu_registry.cc:30] NPU accelerator registered.
09-23 09:36:24.906 15778 15835 I litert  : [gpu_registry.cc:101] Loading GPU accelerator(libLiteRtGpuAccelerator.so).
09-23 09:36:24.907 15778 15835 I litert  : [gpu_registry.cc:101] Loading GPU accelerator(libLiteRtClGlAccelerator.so).
09-23 09:36:24.907 15778 15835 I litert  : [accelerator_registry.cc:54] RegisterAccelerator: ptr=0xb4000078929daf30, name=LiteRT GPU
09-23 09:36:24.907 15778 15835 I litert  : [gpu_registry.cc:109] Dynamically loaded GPU accelerator(libLiteRtClGlAccelerator.so) registered.
09-23 09:36:24.907 15778 15835 I litert  : [accelerator_registry.cc:54] RegisterAccelerator: ptr=0xb4000078929da910, name=CpuAccelerator
09-23 09:36:24.907 15778 15835 I litert  : [cpu_registry.cc:42] CPU accelerator registered.
09-23 09:36:24.914 15778 15835 I litert  : [compiled_model.cc:660] Applying compiler plugins...
09-23 09:36:24.914 15778 15835 W litert  : [compiled_model.cc:668] Failed to apply compiler plugins: No compiler plugin found
09-23 09:36:24.914 15778 15835 I litert  : [compiled_model.cc:733] Flatbuffer model initialized directly from incoming litert model.
09-23 09:36:24.915 15778 15835 I tflite  : Initialized TensorFlow Lite runtime.
09-23 09:36:24.915 15778 15835 E litert  : [litert_dispatch.cc:112] No dispatch library found in /data/app/~~13xrbMDRTTpbFX8d9IjwiQ==/it.polito.ppemobile-JzC6b9eCmPB2-voCyAgweg==/lib/arm64
09-23 09:36:24.915 15778 15835 E litert  : [dispatch_delegate.cc:115] Failed to initialize Dispatch API: ERROR: [third_party/odml/litert/litert/runtime/dispatch/dispatch_delegate.cc:174]
09-23 09:36:24.916 15778 15835 I tflite  : Created TensorFlow Lite XNNPACK delegate for CPU.
09-23 09:36:24.916 15778 15835 I tflite  : Replacing 412 out of 414 node(s) with delegate (TfLiteXNNPackDelegate) node, yielding 5 partitions for subgraph 0.
09-23 09:36:25.179 15778 15835 I litert  : [accelerator_registry.cc:43] DestroyAccelerator: ptr=0xb4000078929da910, name=CpuAccelerator
09-23 09:36:25.179 15778 15835 I litert  : [accelerator_registry.cc:43] DestroyAccelerator: ptr=0xb4000078929daf30, name=LiteRT GPU
09-23 09:36:25.179 15778 15835 I litert  : [accelerator_registry.cc:43] DestroyAccelerator: ptr=0xb4000078929d9720, name=NpuAccelerator
